2026-08-12 17:08:33,627 - INFO - ### START ###
2026-08-12 17:08:33,629 - INFO - Buscando usuários no ADB2C.
2026-08-12 17:08:33,629 - INFO - Conectando ao Microsoft Graph.
2026-08-12 17:08:34,083 - INFO - Autenticação no Microsoft Graph concluída com sucesso.
2026-08-12 17:08:34,083 - INFO - Consultando página 1 do Microsoft Graph.
2026-08-12 17:08:39,535 - INFO - Página 1 recebida com 999 registros.
2026-08-12 17:08:39,535 - INFO - Consultando página 2 do Microsoft Graph.
2026-08-12 17:08:45,308 - INFO - Página 2 recebida com 999 registros.
2026-08-12 17:08:45,308 - INFO - Consultando página 3 do Microsoft Graph.
2026-08-12 17:08:49,076 - INFO - Página 3 recebida com 999 registros.
2026-08-12 17:08:49,076 - INFO - Consultando página 4 do Microsoft Graph.
2026-08-12 17:08:55,194 - INFO - Página 4 recebida com 999 registros.
2026-08-12 17:08:55,194 - INFO - Consultando página 5 do Microsoft Graph.
2026-08-12 17:08:58,563 - INFO - Página 5 recebida com 999 registros.
2026-08-12 17:08:58,563 - INFO - Consultando página 6 do Microsoft Graph.
2026-08-12 17:09:02,105 - INFO - Página 6 recebida com 999 registros.
2026-08-12 17:09:02,105 - INFO - Consultando página 7 do Microsoft Graph.
2026-08-12 17:09:05,465 - INFO - Página 7 recebida com 999 registros.
2026-08-12 17:09:05,465 - INFO - Consultando página 8 do Microsoft Graph.
2026-08-12 17:09:09,361 - INFO - Página 8 recebida com 999 registros.
2026-08-12 17:09:09,361 - INFO - Consultando página 9 do Microsoft Graph.
2026-08-12 17:09:13,233 - INFO - Página 9 recebida com 999 registros.
2026-08-12 17:09:13,233 - INFO - Consultando página 10 do Microsoft Graph.
2026-08-12 17:09:16,552 - INFO - Página 10 recebida com 999 registros.
2026-08-12 17:09:16,552 - INFO - Consultando página 11 do Microsoft Graph.
2026-08-12 17:09:20,125 - INFO - Página 11 recebida com 999 registros.
2026-08-12 17:09:20,125 - INFO - Consultando página 12 do Microsoft Graph.
2026-08-12 17:09:23,745 - INFO - Página 12 recebida com 999 registros.
2026-08-12 17:09:23,745 - INFO - Consultando página 13 do Microsoft Graph.
2026-08-12 17:09:28,807 - INFO - Página 13 recebida com 999 registros.
2026-08-12 17:09:28,807 - INFO - Consultando página 14 do Microsoft Graph.
2026-08-12 17:09:33,674 - INFO - Página 14 recebida com 999 registros.
2026-08-12 17:09:33,674 - INFO - Consultando página 15 do Microsoft Graph.
2026-08-12 17:09:38,342 - INFO - Página 15 recebida com 999 registros.
2026-08-12 17:09:38,342 - INFO - Consultando página 16 do Microsoft Graph.
2026-08-12 17:09:42,234 - INFO - Página 16 recebida com 999 registros.
2026-08-12 17:09:42,234 - INFO - Consultando página 17 do Microsoft Graph.
2026-08-12 17:09:45,663 - INFO - Página 17 recebida com 999 registros.
2026-08-12 17:09:45,663 - INFO - Consultando página 18 do Microsoft Graph.
2026-08-12 17:09:49,562 - INFO - Página 18 recebida com 999 registros.
2026-08-12 17:09:49,562 - INFO - Consultando página 19 do Microsoft Graph.
2026-08-12 17:09:53,445 - INFO - Página 19 recebida com 999 registros.
2026-08-12 17:09:53,445 - INFO - Consultando página 20 do Microsoft Graph.
2026-08-12 17:09:56,964 - INFO - Página 20 recebida com 999 registros.
2026-08-12 17:09:56,964 - INFO - Consultando página 21 do Microsoft Graph.
2026-08-12 17:10:01,242 - INFO - Página 21 recebida com 999 registros.
2026-08-12 17:10:01,242 - INFO - Consultando página 22 do Microsoft Graph.
2026-08-12 17:10:04,735 - INFO - Página 22 recebida com 999 registros.
2026-08-12 17:10:04,735 - INFO - Consultando página 23 do Microsoft Graph.
2026-08-12 17:10:07,872 - INFO - Página 23 recebida com 999 registros.
2026-08-12 17:10:07,872 - INFO - Consultando página 24 do Microsoft Graph.
2026-08-12 17:10:11,902 - INFO - Página 24 recebida com 999 registros.
2026-08-12 17:10:11,903 - INFO - Consultando página 25 do Microsoft Graph.
2026-08-12 17:10:16,257 - INFO - Página 25 recebida com 999 registros.
2026-08-12 17:10:16,257 - INFO - Consultando página 26 do Microsoft Graph.
2026-08-12 17:10:19,509 - INFO - Página 26 recebida com 999 registros.
2026-08-12 17:10:19,509 - INFO - Consultando página 27 do Microsoft Graph.
2026-08-12 17:10:22,982 - INFO - Página 27 recebida com 999 registros.
2026-08-12 17:10:22,982 - INFO - Consultando página 28 do Microsoft Graph.
2026-08-12 17:10:26,376 - INFO - Página 28 recebida com 999 registros.
2026-08-12 17:10:26,376 - INFO - Consultando página 29 do Microsoft Graph.
2026-08-12 17:10:30,294 - INFO - Página 29 recebida com 999 registros.
2026-08-12 17:10:30,294 - INFO - Consultando página 30 do Microsoft Graph.
2026-08-12 17:10:33,535 - INFO - Página 30 recebida com 999 registros.
2026-08-12 17:10:33,535 - INFO - Consultando página 31 do Microsoft Graph.
2026-08-12 17:10:37,050 - INFO - Página 31 recebida com 999 registros.
2026-08-12 17:10:37,050 - INFO - Consultando página 32 do Microsoft Graph.
2026-08-12 17:10:40,662 - INFO - Página 32 recebida com 999 registros.
2026-08-12 17:10:40,662 - INFO - Consultando página 33 do Microsoft Graph.
2026-08-12 17:10:44,384 - INFO - Página 33 recebida com 999 registros.
2026-08-12 17:10:44,384 - INFO - Consultando página 34 do Microsoft Graph.
2026-08-12 17:10:47,814 - INFO - Página 34 recebida com 999 registros.
2026-08-12 17:10:47,814 - INFO - Consultando página 35 do Microsoft Graph.
2026-08-12 17:10:51,412 - INFO - Página 35 recebida com 999 registros.
2026-08-12 17:10:51,412 - INFO - Consultando página 36 do Microsoft Graph.
2026-08-12 17:10:56,305 - INFO - Página 36 recebida com 999 registros.
2026-08-12 17:10:56,305 - INFO - Consultando página 37 do Microsoft Graph.
2026-08-12 17:10:59,907 - INFO - Página 37 recebida com 999 registros.
2026-08-12 17:10:59,907 - INFO - Consultando página 38 do Microsoft Graph.
2026-08-12 17:11:03,720 - INFO - Página 38 recebida com 999 registros.
2026-08-12 17:11:03,720 - INFO - Consultando página 39 do Microsoft Graph.
2026-08-12 17:11:07,942 - INFO - Página 39 recebida com 999 registros.
2026-08-12 17:11:07,942 - INFO - Consultando página 40 do Microsoft Graph.
2026-08-12 17:11:12,972 - INFO - Página 40 recebida com 999 registros.
2026-08-12 17:11:12,972 - INFO - Consultando página 41 do Microsoft Graph.
2026-08-12 17:11:16,882 - INFO - Página 41 recebida com 999 registros.
2026-08-12 17:11:16,882 - INFO - Consultando página 42 do Microsoft Graph.
2026-08-12 17:11:20,652 - INFO - Página 42 recebida com 999 registros.
2026-08-12 17:11:20,652 - INFO - Consultando página 43 do Microsoft Graph.
2026-08-12 17:11:24,554 - INFO - Página 43 recebida com 999 registros.
2026-08-12 17:11:24,554 - INFO - Consultando página 44 do Microsoft Graph.
2026-08-12 17:11:27,962 - INFO - Página 44 recebida com 999 registros.
2026-08-12 17:11:27,962 - INFO - Consultando página 45 do Microsoft Graph.
2026-08-12 17:11:32,860 - INFO - Página 45 recebida com 999 registros.
2026-08-12 17:11:32,860 - INFO - Consultando página 46 do Microsoft Graph.
2026-08-12 17:11:36,863 - INFO - Página 46 recebida com 999 registros.
2026-08-12 17:11:36,863 - INFO - Consultando página 47 do Microsoft Graph.
2026-08-12 17:11:40,490 - INFO - Página 47 recebida com 999 registros.
2026-08-12 17:11:40,490 - INFO - Consultando página 48 do Microsoft Graph.
2026-08-12 17:11:44,106 - INFO - Página 48 recebida com 999 registros.
2026-08-12 17:11:44,106 - INFO - Consultando página 49 do Microsoft Graph.
2026-08-12 17:11:48,850 - INFO - Página 49 recebida com 999 registros.
2026-08-12 17:11:48,854 - INFO - Consultando página 50 do Microsoft Graph.
2026-08-12 17:11:52,750 - INFO - Página 50 recebida com 999 registros.
2026-08-12 17:11:52,750 - INFO - Consultando página 51 do Microsoft Graph.
2026-08-12 17:11:56,270 - INFO - Página 51 recebida com 999 registros.
2026-08-12 17:11:56,270 - INFO - Consultando página 52 do Microsoft Graph.
2026-08-12 17:11:59,792 - INFO - Página 52 recebida com 999 registros.
2026-08-12 17:11:59,792 - INFO - Consultando página 53 do Microsoft Graph.
2026-08-12 17:12:03,980 - INFO - Página 53 recebida com 999 registros.
2026-08-12 17:12:03,982 - INFO - Consultando página 54 do Microsoft Graph.
2026-08-12 17:12:07,502 - INFO - Página 54 recebida com 999 registros.
2026-08-12 17:12:07,504 - INFO - Consultando página 55 do Microsoft Graph.
2026-08-12 17:12:10,738 - INFO - Página 55 recebida com 999 registros.
2026-08-12 17:12:10,738 - INFO - Consultando página 56 do Microsoft Graph.
2026-08-12 17:12:14,020 - INFO - Página 56 recebida com 999 registros.
2026-08-12 17:12:14,020 - INFO - Consultando página 57 do Microsoft Graph.
2026-08-12 17:12:18,240 - INFO - Página 57 recebida com 999 registros.
2026-08-12 17:12:18,240 - INFO - Consultando página 58 do Microsoft Graph.
2026-08-12 17:12:22,680 - INFO - Página 58 recebida com 999 registros.
2026-08-12 17:12:22,680 - INFO - Consultando página 59 do Microsoft Graph.
2026-08-12 17:12:26,150 - INFO - Página 59 recebida com 999 registros.
2026-08-12 17:12:26,150 - INFO - Consultando página 60 do Microsoft Graph.
2026-08-12 17:12:30,817 - INFO - Página 60 recebida com 999 registros.
2026-08-12 17:12:30,819 - INFO - Consultando página 61 do Microsoft Graph.
2026-08-12 17:12:34,750 - INFO - Página 61 recebida com 999 registros.
2026-08-12 17:12:34,750 - INFO - Consultando página 62 do Microsoft Graph.
2026-08-12 17:12:38,281 - INFO - Página 62 recebida com 999 registros.
2026-08-12 17:12:38,281 - INFO - Consultando página 63 do Microsoft Graph.
2026-08-12 17:12:42,066 - INFO - Página 63 recebida com 999 registros.
2026-08-12 17:12:42,066 - INFO - Consultando página 64 do Microsoft Graph.
2026-08-12 17:12:45,850 - INFO - Página 64 recebida com 999 registros.
2026-08-12 17:12:45,850 - INFO - Consultando página 65 do Microsoft Graph.
2026-08-12 17:12:50,306 - INFO - Página 65 recebida com 999 registros.
2026-08-12 17:12:50,306 - INFO - Consultando página 66 do Microsoft Graph.
2026-08-12 17:12:53,484 - INFO - Página 66 recebida com 999 registros.
2026-08-12 17:12:53,484 - INFO - Consultando página 67 do Microsoft Graph.
2026-08-12 17:12:57,561 - INFO - Página 67 recebida com 999 registros.
2026-08-12 17:12:57,561 - INFO - Consultando página 68 do Microsoft Graph.
2026-08-12 17:13:01,100 - INFO - Página 68 recebida com 999 registros.
2026-08-12 17:13:01,100 - INFO - Consultando página 69 do Microsoft Graph.
2026-08-12 17:13:04,644 - INFO - Página 69 recebida com 999 registros.
2026-08-12 17:13:04,644 - INFO - Consultando página 70 do Microsoft Graph.
2026-08-12 17:13:08,554 - INFO - Página 70 recebida com 999 registros.
2026-08-12 17:13:08,554 - INFO - Consultando página 71 do Microsoft Graph.
2026-08-12 17:13:13,180 - INFO - Página 71 recebida com 999 registros.
2026-08-12 17:13:13,180 - INFO - Consultando página 72 do Microsoft Graph.
2026-08-12 17:13:17,170 - INFO - Página 72 recebida com 999 registros.
2026-08-12 17:13:17,170 - INFO - Consultando página 73 do Microsoft Graph.
2026-08-12 17:13:21,126 - INFO - Página 73 recebida com 999 registros.
2026-08-12 17:13:21,126 - INFO - Consultando página 74 do Microsoft Graph.
2026-08-12 17:13:24,829 - INFO - Página 74 recebida com 999 registros.
2026-08-12 17:13:24,829 - INFO - Consultando página 75 do Microsoft Graph.
2026-08-12 17:13:28,425 - INFO - Página 75 recebida com 999 registros.
2026-08-12 17:13:28,425 - INFO - Consultando página 76 do Microsoft Graph.
2026-08-12 17:13:33,735 - INFO - Página 76 recebida com 999 registros.
2026-08-12 17:13:33,735 - INFO - Consultando página 77 do Microsoft Graph.
2026-08-12 17:13:37,135 - INFO - Página 77 recebida com 999 registros.
2026-08-12 17:13:37,135 - INFO - Consultando página 78 do Microsoft Graph.
2026-08-12 17:13:40,509 - INFO - Página 78 recebida com 999 registros.
2026-08-12 17:13:40,509 - INFO - Consultando página 79 do Microsoft Graph.
2026-08-12 17:13:44,179 - INFO - Página 79 recebida com 999 registros.
2026-08-12 17:13:44,179 - INFO - Consultando página 80 do Microsoft Graph.
2026-08-12 17:13:47,900 - INFO - Página 80 recebida com 999 registros.
2026-08-12 17:13:47,900 - INFO - Consultando página 81 do Microsoft Graph.
2026-08-12 17:13:51,759 - INFO - Página 81 recebida com 999 registros.
2026-08-12 17:13:51,759 - INFO - Consultando página 82 do Microsoft Graph.
2026-08-12 17:13:55,450 - INFO - Página 82 recebida com 999 registros.
2026-08-12 17:13:55,450 - INFO - Consultando página 83 do Microsoft Graph.
2026-08-12 17:13:58,859 - INFO - Página 83 recebida com 999 registros.
2026-08-12 17:13:58,859 - INFO - Consultando página 84 do Microsoft Graph.
2026-08-12 17:14:02,839 - INFO - Página 84 recebida com 999 registros.
2026-08-12 17:14:02,839 - INFO - Consultando página 85 do Microsoft Graph.
2026-08-12 17:14:06,479 - INFO - Página 85 recebida com 999 registros.
2026-08-12 17:14:06,479 - INFO - Consultando página 86 do Microsoft Graph.
2026-08-12 17:14:09,699 - INFO - Página 86 recebida com 999 registros.
2026-08-12 17:14:09,699 - INFO - Consultando página 87 do Microsoft Graph.
2026-08-12 17:14:13,180 - INFO - Página 87 recebida com 999 registros.
2026-08-12 17:14:13,180 - INFO - Consultando página 88 do Microsoft Graph.
2026-08-12 17:14:17,039 - INFO - Página 88 recebida com 999 registros.
2026-08-12 17:14:17,039 - INFO - Consultando página 89 do Microsoft Graph.
2026-08-12 17:14:20,633 - INFO - Página 89 recebida com 999 registros.
2026-08-12 17:14:20,633 - INFO - Consultando página 90 do Microsoft Graph.
2026-08-12 17:14:24,959 - INFO - Página 90 recebida com 999 registros.
2026-08-12 17:14:24,959 - INFO - Consultando página 91 do Microsoft Graph.
2026-08-12 17:14:29,919 - INFO - Página 91 recebida com 999 registros.
2026-08-12 17:14:29,919 - INFO - Consultando página 92 do Microsoft Graph.
2026-08-12 17:14:34,439 - INFO - Página 92 recebida com 999 registros.
2026-08-12 17:14:34,439 - INFO - Consultando página 93 do Microsoft Graph.
2026-08-12 17:14:37,829 - INFO - Página 93 recebida com 999 registros.
2026-08-12 17:14:37,829 - INFO - Consultando página 94 do Microsoft Graph.
2026-08-12 17:14:43,729 - INFO - Página 94 recebida com 999 registros.
2026-08-12 17:14:43,729 - INFO - Consultando página 95 do Microsoft Graph.
2026-08-12 17:14:47,799 - INFO - Página 95 recebida com 999 registros.
2026-08-12 17:14:47,809 - INFO - Consultando página 96 do Microsoft Graph.
2026-08-12 17:14:51,597 - INFO - Página 96 recebida com 999 registros.
2026-08-12 17:14:51,597 - INFO - Consultando página 97 do Microsoft Graph.
2026-08-12 17:14:55,049 - INFO - Página 97 recebida com 999 registros.
2026-08-12 17:14:55,049 - INFO - Consultando página 98 do Microsoft Graph.
2026-08-12 17:14:58,850 - INFO - Página 98 recebida com 999 registros.
2026-08-12 17:14:58,850 - INFO - Consultando página 99 do Microsoft Graph.
2026-08-12 17:15:03,159 - INFO - Página 99 recebida com 999 registros.
2026-08-12 17:15:03,159 - INFO - Consultando página 100 do Microsoft Graph.
2026-08-12 17:15:06,739 - INFO - Página 100 recebida com 999 registros.
2026-08-12 17:15:06,739 - INFO - Consultando página 101 do Microsoft Graph.
2026-08-12 17:15:11,079 - INFO - Página 101 recebida com 999 registros.
2026-08-12 17:15:11,089 - INFO - Consultando página 102 do Microsoft Graph.
2026-08-12 17:15:14,813 - INFO - Página 102 recebida com 999 registros.
2026-08-12 17:15:14,814 - INFO - Consultando página 103 do Microsoft Graph.
2026-08-12 17:15:19,809 - INFO - Página 103 recebida com 999 registros.
2026-08-12 17:15:19,809 - INFO - Consultando página 104 do Microsoft Graph.
2026-08-12 17:15:23,839 - INFO - Página 104 recebida com 999 registros.
2026-08-12 17:15:23,839 - INFO - Consultando página 105 do Microsoft Graph.
2026-08-12 17:15:27,205 - INFO - Página 105 recebida com 999 registros.
2026-08-12 17:15:27,205 - INFO - Consultando página 106 do Microsoft Graph.
2026-08-12 17:15:30,879 - INFO - Página 106 recebida com 999 registros.
2026-08-12 17:15:30,879 - INFO - Consultando página 107 do Microsoft Graph.
2026-08-12 17:15:34,646 - INFO - Página 107 recebida com 999 registros.
2026-08-12 17:15:34,646 - INFO - Consultando página 108 do Microsoft Graph.
2026-08-12 17:15:39,579 - INFO - Página 108 recebida com 999 registros.
2026-08-12 17:15:39,579 - INFO - Consultando página 109 do Microsoft Graph.
2026-08-12 17:15:44,789 - INFO - Página 109 recebida com 999 registros.
2026-08-12 17:15:44,789 - INFO - Consultando página 110 do Microsoft Graph.
2026-08-12 17:15:47,979 - INFO - Página 110 recebida com 999 registros.
2026-08-12 17:15:47,979 - INFO - Consultando página 111 do Microsoft Graph.
2026-08-12 17:15:51,579 - INFO - Página 111 recebida com 999 registros.
2026-08-12 17:15:51,579 - INFO - Consultando página 112 do Microsoft Graph.
2026-08-12 17:15:55,039 - INFO - Página 112 recebida com 999 registros.
2026-08-12 17:15:55,039 - INFO - Consultando página 113 do Microsoft Graph.
2026-08-12 17:15:58,619 - INFO - Página 113 recebida com 999 registros.
2026-08-12 17:15:58,630 - INFO - Consultando página 114 do Microsoft Graph.
2026-08-12 17:16:02,339 - INFO - Página 114 recebida com 999 registros.
2026-08-12 17:16:02,339 - INFO - Consultando página 115 do Microsoft Graph.
2026-08-12 17:16:05,975 - INFO - Página 115 recebida com 999 registros.
2026-08-12 17:16:05,975 - INFO - Consultando página 116 do Microsoft Graph.
2026-08-12 17:16:09,219 - INFO - Página 116 recebida com 999 registros.
2026-08-12 17:16:09,219 - INFO - Consultando página 117 do Microsoft Graph.
2026-08-12 17:16:12,959 - INFO - Página 117 recebida com 999 registros.
2026-08-12 17:16:12,959 - INFO - Consultando página 118 do Microsoft Graph.
2026-08-12 17:16:16,839 - INFO - Página 118 recebida com 999 registros.
2026-08-12 17:16:16,839 - INFO - Consultando página 119 do Microsoft Graph.
2026-08-12 17:16:20,679 - INFO - Página 119 recebida com 999 registros.
2026-08-12 17:16:20,679 - INFO - Consultando página 120 do Microsoft Graph.
2026-08-12 17:16:25,408 - INFO - Página 120 recebida com 999 registros.
2026-08-12 17:16:25,408 - INFO - Consultando página 121 do Microsoft Graph.
2026-08-12 17:16:28,819 - INFO - Página 121 recebida com 999 registros.
2026-08-12 17:16:28,819 - INFO - Consultando página 122 do Microsoft Graph.
2026-08-12 17:16:32,399 - INFO - Página 122 recebida com 999 registros.
2026-08-12 17:16:32,399 - INFO - Consultando página 123 do Microsoft Graph.
2026-08-12 17:16:35,989 - INFO - Página 123 recebida com 999 registros.
2026-08-12 17:16:35,989 - INFO - Consultando página 124 do Microsoft Graph.
2026-08-12 17:16:40,189 - INFO - Página 124 recebida com 999 registros.
2026-08-12 17:16:40,189 - INFO - Consultando página 125 do Microsoft Graph.
2026-08-12 17:16:43,559 - INFO - Página 125 recebida com 999 registros.
2026-08-12 17:16:43,559 - INFO - Consultando página 126 do Microsoft Graph.
2026-08-12 17:16:47,209 - INFO - Página 126 recebida com 999 registros.
2026-08-12 17:16:47,209 - INFO - Consultando página 127 do Microsoft Graph.
2026-08-12 17:16:51,078 - INFO - Página 127 recebida com 999 registros.
2026-08-12 17:16:51,078 - INFO - Consultando página 128 do Microsoft Graph.
2026-08-12 17:16:55,588 - INFO - Página 128 recebida com 999 registros.
2026-08-12 17:16:55,588 - INFO - Consultando página 129 do Microsoft Graph.
2026-08-12 17:17:00,268 - INFO - Página 129 recebida com 999 registros.
2026-08-12 17:17:00,268 - INFO - Consultando página 130 do Microsoft Graph.
2026-08-12 17:17:03,613 - INFO - Página 130 recebida com 999 registros.
2026-08-12 17:17:03,613 - INFO - Consultando página 131 do Microsoft Graph.
2026-08-12 17:17:08,343 - INFO - Página 131 recebida com 999 registros.
2026-08-12 17:17:08,343 - INFO - Consultando página 132 do Microsoft Graph.
2026-08-12 17:17:12,658 - INFO - Página 132 recebida com 999 registros.
2026-08-12 17:17:12,658 - INFO - Consultando página 133 do Microsoft Graph.
2026-08-12 17:17:15,838 - INFO - Página 133 recebida com 999 registros.
2026-08-12 17:17:15,838 - INFO - Consultando página 134 do Microsoft Graph.
2026-08-12 17:17:19,894 - INFO - Página 134 recebida com 999 registros.
2026-08-12 17:17:19,895 - INFO - Consultando página 135 do Microsoft Graph.
2026-08-12 17:17:23,958 - INFO - Página 135 recebida com 999 registros.
2026-08-12 17:17:23,958 - INFO - Consultando página 136 do Microsoft Graph.
2026-08-12 17:17:27,294 - INFO - Página 136 recebida com 999 registros.
2026-08-12 17:17:27,294 - INFO - Consultando página 137 do Microsoft Graph.
2026-08-12 17:17:30,449 - INFO - Página 137 recebida com 999 registros.
2026-08-12 17:17:30,449 - INFO - Consultando página 138 do Microsoft Graph.
2026-08-12 17:17:34,654 - INFO - Página 138 recebida com 999 registros.
2026-08-12 17:17:34,655 - INFO - Consultando página 139 do Microsoft Graph.
2026-08-12 17:17:38,533 - INFO - Página 139 recebida com 999 registros.
2026-08-12 17:17:38,533 - INFO - Consultando página 140 do Microsoft Graph.
2026-08-12 17:17:42,669 - INFO - Página 140 recebida com 999 registros.
2026-08-12 17:17:42,669 - INFO - Consultando página 141 do Microsoft Graph.
2026-08-12 17:17:46,948 - INFO - Página 141 recebida com 999 registros.
2026-08-12 17:17:46,949 - INFO - Consultando página 142 do Microsoft Graph.
2026-08-12 17:17:51,038 - INFO - Página 142 recebida com 999 registros.
2026-08-12 17:17:51,038 - INFO - Consultando página 143 do Microsoft Graph.
2026-08-12 17:17:55,959 - INFO - Página 143 recebida com 999 registros.
2026-08-12 17:17:55,960 - INFO - Consultando página 144 do Microsoft Graph.
2026-08-12 17:17:59,514 - INFO - Página 144 recebida com 999 registros.
2026-08-12 17:17:59,515 - INFO - Consultando página 145 do Microsoft Graph.
2026-08-12 17:18:03,259 - INFO - Página 145 recebida com 999 registros.
2026-08-12 17:18:03,259 - INFO - Consultando página 146 do Microsoft Graph.
2026-08-12 17:18:08,411 - INFO - Página 146 recebida com 999 registros.
2026-08-12 17:18:08,411 - INFO - Consultando página 147 do Microsoft Graph.
2026-08-12 17:18:12,528 - INFO - Página 147 recebida com 999 registros.
2026-08-12 17:18:12,528 - INFO - Consultando página 148 do Microsoft Graph.
2026-08-12 17:18:16,139 - INFO - Página 148 recebida com 999 registros.
2026-08-12 17:18:16,139 - INFO - Consultando página 149 do Microsoft Graph.
2026-08-12 17:18:19,379 - INFO - Página 149 recebida com 999 registros.
2026-08-12 17:18:19,379 - INFO - Consultando página 150 do Microsoft Graph.
2026-08-12 17:18:23,042 - INFO - Página 150 recebida com 999 registros.
2026-08-12 17:18:23,042 - INFO - Consultando página 151 do Microsoft Graph.
2026-08-12 17:18:27,139 - INFO - Página 151 recebida com 999 registros.
2026-08-12 17:18:27,139 - INFO - Consultando página 152 do Microsoft Graph.
2026-08-12 17:18:31,168 - INFO - Página 152 recebida com 999 registros.
2026-08-12 17:18:31,168 - INFO - Consultando página 153 do Microsoft Graph.
2026-08-12 17:18:34,658 - INFO - Página 153 recebida com 999 registros.
2026-08-12 17:18:34,658 - INFO - Consultando página 154 do Microsoft Graph.
2026-08-12 17:18:38,188 - INFO - Página 154 recebida com 999 registros.
2026-08-12 17:18:38,188 - INFO - Consultando página 155 do Microsoft Graph.
2026-08-12 17:18:41,878 - INFO - Página 155 recebida com 999 registros.
2026-08-12 17:18:41,878 - INFO - Consultando página 156 do Microsoft Graph.
2026-08-12 17:18:45,153 - INFO - Página 156 recebida com 999 registros.
2026-08-12 17:18:45,153 - INFO - Consultando página 157 do Microsoft Graph.
2026-08-12 17:18:49,513 - INFO - Página 157 recebida com 999 registros.
2026-08-12 17:18:49,513 - INFO - Consultando página 158 do Microsoft Graph.
2026-08-12 17:18:52,781 - INFO - Página 158 recebida com 999 registros.
2026-08-12 17:18:52,781 - INFO - Consultando página 159 do Microsoft Graph.
2026-08-12 17:18:57,305 - INFO - Página 159 recebida com 999 registros.
2026-08-12 17:18:57,305 - INFO - Consultando página 160 do Microsoft Graph.
2026-08-12 17:19:00,503 - INFO - Página 160 recebida com 999 registros.
2026-08-12 17:19:00,503 - INFO - Consultando página 161 do Microsoft Graph.
2026-08-12 17:19:03,888 - INFO - Página 161 recebida com 999 registros.
2026-08-12 17:19:03,901 - INFO - Consultando página 162 do Microsoft Graph.
2026-08-12 17:19:07,178 - INFO - Página 162 recebida com 999 registros.
2026-08-12 17:19:07,178 - INFO - Consultando página 163 do Microsoft Graph.
2026-08-12 17:19:10,879 - INFO - Página 163 recebida com 999 registros.
2026-08-12 17:19:10,879 - INFO - Consultando página 164 do Microsoft Graph.
2026-08-12 17:19:15,678 - INFO - Página 164 recebida com 999 registros.
2026-08-12 17:19:15,678 - INFO - Consultando página 165 do Microsoft Graph.
2026-08-12 17:19:19,038 - INFO - Página 165 recebida com 999 registros.
2026-08-12 17:19:19,038 - INFO - Consultando página 166 do Microsoft Graph.
2026-08-12 17:19:22,204 - INFO - Página 166 recebida com 999 registros.
2026-08-12 17:19:22,204 - INFO - Consultando página 167 do Microsoft Graph.
2026-08-12 17:19:26,462 - INFO - Página 167 recebida com 999 registros.
2026-08-12 17:19:26,462 - INFO - Consultando página 168 do Microsoft Graph.
2026-08-12 17:19:32,099 - INFO - Página 168 recebida com 999 registros.
2026-08-12 17:19:32,099 - INFO - Consultando página 169 do Microsoft Graph.
2026-08-12 17:19:36,454 - INFO - Página 169 recebida com 999 registros.
2026-08-12 17:19:36,454 - INFO - Consultando página 170 do Microsoft Graph.
2026-08-12 17:19:40,758 - INFO - Página 170 recebida com 999 registros.
2026-08-12 17:19:40,758 - INFO - Consultando página 171 do Microsoft Graph.
2026-08-12 17:19:45,038 - INFO - Página 171 recebida com 999 registros.
2026-08-12 17:19:45,038 - INFO - Consultando página 172 do Microsoft Graph.
2026-08-12 17:19:49,208 - INFO - Página 172 recebida com 999 registros.
2026-08-12 17:19:49,208 - INFO - Consultando página 173 do Microsoft Graph.
2026-08-12 17:19:53,178 - INFO - Página 173 recebida com 999 registros.
2026-08-12 17:19:53,178 - INFO - Consultando página 174 do Microsoft Graph.
2026-08-12 17:19:57,890 - INFO - Página 174 recebida com 999 registros.
2026-08-12 17:19:57,890 - INFO - Consultando página 175 do Microsoft Graph.
2026-08-12 17:20:01,368 - INFO - Página 175 recebida com 999 registros.
2026-08-12 17:20:01,368 - INFO - Consultando página 176 do Microsoft Graph.
2026-08-12 17:20:05,488 - INFO - Página 176 recebida com 999 registros.
2026-08-12 17:20:05,488 - INFO - Consultando página 177 do Microsoft Graph.
2026-08-12 17:20:08,978 - INFO - Página 177 recebida com 999 registros.
2026-08-12 17:20:08,978 - INFO - Consultando página 178 do Microsoft Graph.
2026-08-12 17:20:12,058 - INFO - Página 178 recebida com 999 registros.
2026-08-12 17:20:12,058 - INFO - Consultando página 179 do Microsoft Graph.
2026-08-12 17:20:15,408 - INFO - Página 179 recebida com 999 registros.
2026-08-12 17:20:15,408 - INFO - Consultando página 180 do Microsoft Graph.
2026-08-12 17:20:18,668 - INFO - Página 180 recebida com 999 registros.
2026-08-12 17:20:18,668 - INFO - Consultando página 181 do Microsoft Graph.
2026-08-12 17:20:22,004 - INFO - Página 181 recebida com 999 registros.
2026-08-12 17:20:22,005 - INFO - Consultando página 182 do Microsoft Graph.
2026-08-12 17:20:25,247 - INFO - Página 182 recebida com 999 registros.
2026-08-12 17:20:25,247 - INFO - Consultando página 183 do Microsoft Graph.
2026-08-12 17:20:28,723 - INFO - Página 183 recebida com 999 registros.
2026-08-12 17:20:28,723 - INFO - Consultando página 184 do Microsoft Graph.
2026-08-12 17:20:33,249 - INFO - Página 184 recebida com 999 registros.
2026-08-12 17:20:33,249 - INFO - Consultando página 185 do Microsoft Graph.
2026-08-12 17:20:36,880 - INFO - Página 185 recebida com 999 registros.
2026-08-12 17:20:36,880 - INFO - Consultando página 186 do Microsoft Graph.
2026-08-12 17:20:40,328 - INFO - Página 186 recebida com 999 registros.
2026-08-12 17:20:40,328 - INFO - Consultando página 187 do Microsoft Graph.
2026-08-12 17:20:44,528 - INFO - Página 187 recebida com 999 registros.
2026-08-12 17:20:44,528 - INFO - Consultando página 188 do Microsoft Graph.
2026-08-12 17:20:47,904 - INFO - Página 188 recebida com 999 registros.
2026-08-12 17:20:47,907 - INFO - Consultando página 189 do Microsoft Graph.
2026-08-12 17:20:51,558 - INFO - Página 189 recebida com 999 registros.
2026-08-12 17:20:51,558 - INFO - Consultando página 190 do Microsoft Graph.
2026-08-12 17:20:56,177 - INFO - Página 190 recebida com 999 registros.
2026-08-12 17:20:56,177 - INFO - Consultando página 191 do Microsoft Graph.
2026-08-12 17:20:59,579 - INFO - Página 191 recebida com 999 registros.
2026-08-12 17:20:59,579 - INFO - Consultando página 192 do Microsoft Graph.
2026-08-12 17:21:02,716 - INFO - Página 192 recebida com 999 registros.
2026-08-12 17:21:02,716 - INFO - Consultando página 193 do Microsoft Graph.
2026-08-12 17:21:06,061 - INFO - Página 193 recebida com 999 registros.
2026-08-12 17:21:06,061 - INFO - Consultando página 194 do Microsoft Graph.
2026-08-12 17:21:09,597 - INFO - Página 194 recebida com 999 registros.
2026-08-12 17:21:09,597 - INFO - Consultando página 195 do Microsoft Graph.
2026-08-12 17:21:17,106 - INFO - Página 195 recebida com 999 registros.
2026-08-12 17:21:17,106 - INFO - Consultando página 196 do Microsoft Graph.
2026-08-12 17:21:21,064 - INFO - Página 196 recebida com 999 registros.
2026-08-12 17:21:21,065 - INFO - Consultando página 197 do Microsoft Graph.
2026-08-12 17:21:26,111 - INFO - Página 197 recebida com 999 registros.
2026-08-12 17:21:26,111 - INFO - Consultando página 198 do Microsoft Graph.
2026-08-12 17:21:28,991 - INFO - Página 198 recebida com 999 registros.
2026-08-12 17:21:28,991 - INFO - Consultando página 199 do Microsoft Graph.
2026-08-12 17:21:33,566 - INFO - Página 199 recebida com 999 registros.
2026-08-12 17:21:33,566 - INFO - Consultando página 200 do Microsoft Graph.
2026-08-12 17:21:37,126 - INFO - Página 200 recebida com 999 registros.
2026-08-12 17:21:37,126 - INFO - Consultando página 201 do Microsoft Graph.
2026-08-12 17:21:40,687 - INFO - Página 201 recebida com 999 registros.
2026-08-12 17:21:40,687 - INFO - Consultando página 202 do Microsoft Graph.
2026-08-12 17:21:43,886 - INFO - Página 202 recebida com 999 registros.
2026-08-12 17:21:43,886 - INFO - Consultando página 203 do Microsoft Graph.
2026-08-12 17:21:48,031 - INFO - Página 203 recebida com 999 registros.
2026-08-12 17:21:48,031 - INFO - Consultando página 204 do Microsoft Graph.
2026-08-12 17:21:52,126 - INFO - Página 204 recebida com 999 registros.
2026-08-12 17:21:52,126 - INFO - Consultando página 205 do Microsoft Graph.
2026-08-12 17:21:55,279 - INFO - Página 205 recebida com 999 registros.
2026-08-12 17:21:55,279 - INFO - Consultando página 206 do Microsoft Graph.
2026-08-12 17:21:58,878 - INFO - Página 206 recebida com 999 registros.
2026-08-12 17:21:58,878 - INFO - Consultando página 207 do Microsoft Graph.
2026-08-12 17:22:02,740 - INFO - Página 207 recebida com 999 registros.
2026-08-12 17:22:02,742 - INFO - Consultando página 208 do Microsoft Graph.
2026-08-12 17:22:06,166 - INFO - Página 208 recebida com 999 registros.
2026-08-12 17:22:06,166 - INFO - Consultando página 209 do Microsoft Graph.
2026-08-12 17:22:09,566 - INFO - Página 209 recebida com 999 registros.
2026-08-12 17:22:09,566 - INFO - Consultando página 210 do Microsoft Graph.
2026-08-12 17:22:14,226 - INFO - Página 210 recebida com 999 registros.
2026-08-12 17:22:14,226 - INFO - Consultando página 211 do Microsoft Graph.
2026-08-12 17:22:18,430 - INFO - Página 211 recebida com 999 registros.
2026-08-12 17:22:18,430 - INFO - Consultando página 212 do Microsoft Graph.
2026-08-12 17:22:22,641 - INFO - Página 212 recebida com 999 registros.
2026-08-12 17:22:22,641 - INFO - Consultando página 213 do Microsoft Graph.
2026-08-12 17:22:26,859 - INFO - Página 213 recebida com 999 registros.
2026-08-12 17:22:26,859 - INFO - Consultando página 214 do Microsoft Graph.
2026-08-12 17:22:31,216 - INFO - Página 214 recebida com 999 registros.
2026-08-12 17:22:31,216 - INFO - Consultando página 215 do Microsoft Graph.
2026-08-12 17:22:35,056 - INFO - Página 215 recebida com 999 registros.
2026-08-12 17:22:35,056 - INFO - Consultando página 216 do Microsoft Graph.
2026-08-12 17:22:38,376 - INFO - Página 216 recebida com 999 registros.
2026-08-12 17:22:38,376 - INFO - Consultando página 217 do Microsoft Graph.
2026-08-12 17:22:41,996 - INFO - Página 217 recebida com 999 registros.
2026-08-12 17:22:41,996 - INFO - Consultando página 218 do Microsoft Graph.
2026-08-12 17:22:45,425 - INFO - Página 218 recebida com 999 registros.
2026-08-12 17:22:45,425 - INFO - Consultando página 219 do Microsoft Graph.
2026-08-12 17:22:48,892 - INFO - Página 219 recebida com 999 registros.
2026-08-12 17:22:48,892 - INFO - Consultando página 220 do Microsoft Graph.
2026-08-12 17:22:52,156 - INFO - Página 220 recebida com 999 registros.
2026-08-12 17:22:52,156 - INFO - Consultando página 221 do Microsoft Graph.
2026-08-12 17:22:55,690 - INFO - Página 221 recebida com 999 registros.
2026-08-12 17:22:55,690 - INFO - Consultando página 222 do Microsoft Graph.
2026-08-12 17:22:58,949 - INFO - Página 222 recebida com 999 registros.
2026-08-12 17:22:58,949 - INFO - Consultando página 223 do Microsoft Graph.
2026-08-12 17:23:02,366 - INFO - Página 223 recebida com 999 registros.
2026-08-12 17:23:02,382 - INFO - Consultando página 224 do Microsoft Graph.
2026-08-12 17:23:06,119 - INFO - Página 224 recebida com 999 registros.
2026-08-12 17:23:06,119 - INFO - Consultando página 225 do Microsoft Graph.
2026-08-12 17:23:09,722 - INFO - Página 225 recebida com 999 registros.
2026-08-12 17:23:09,722 - INFO - Consultando página 226 do Microsoft Graph.
2026-08-12 17:23:14,168 - INFO - Página 226 recebida com 999 registros.
2026-08-12 17:23:14,168 - INFO - Consultando página 227 do Microsoft Graph.
2026-08-12 17:23:17,796 - INFO - Página 227 recebida com 999 registros.
2026-08-12 17:23:17,796 - INFO - Consultando página 228 do Microsoft Graph.
2026-08-12 17:23:21,050 - INFO - Página 228 recebida com 999 registros.
2026-08-12 17:23:21,050 - INFO - Consultando página 229 do Microsoft Graph.
2026-08-12 17:23:24,200 - INFO - Página 229 recebida com 999 registros.
2026-08-12 17:23:24,200 - INFO - Consultando página 230 do Microsoft Graph.
2026-08-12 17:23:27,494 - INFO - Página 230 recebida com 999 registros.
2026-08-12 17:23:27,494 - INFO - Consultando página 231 do Microsoft Graph.
2026-08-12 17:23:30,772 - INFO - Página 231 recebida com 999 registros.
2026-08-12 17:23:30,772 - INFO - Consultando página 232 do Microsoft Graph.
2026-08-12 17:23:34,105 - INFO - Página 232 recebida com 999 registros.
2026-08-12 17:23:34,105 - INFO - Consultando página 233 do Microsoft Graph.
2026-08-12 17:23:37,022 - INFO - Página 233 recebida com 999 registros.
2026-08-12 17:23:37,024 - INFO - Consultando página 234 do Microsoft Graph.
2026-08-12 17:23:40,466 - INFO - Página 234 recebida com 999 registros.
2026-08-12 17:23:40,466 - INFO - Consultando página 235 do Microsoft Graph.
2026-08-12 17:23:43,836 - INFO - Página 235 recebida com 999 registros.
2026-08-12 17:23:43,836 - INFO - Consultando página 236 do Microsoft Graph.
2026-08-12 17:23:45,825 - INFO - Página 236 recebida com 181 registros.
2026-08-12 17:23:45,826 - INFO - Consulta ao Microsoft Graph concluída: 234946 usuários encontrados.
2026-08-12 17:23:53,076 - INFO - Gerando arquivo Parquet.
2026-08-12 17:23:53,076 - INFO - Salvando 234946 usuários no arquivo Parquet C:\dev\ADB2C\data\Adb2c_2026-08-12.parquet.
2026-08-12 17:24:09,272 - INFO - Arquivo Parquet salvo com sucesso em C:\dev\ADB2C\data\Adb2c_2026-08-12.parquet.
2026-08-12 17:24:09,272 - INFO - Enviando arquivo ao Blob Storage.
2026-08-12 17:24:09,272 - INFO - Conectando ao Azure Blob Storage.
2026-08-12 17:24:09,283 - INFO - Cliente do Azure Blob Storage configurado; o acesso será validado na primeira operação.
2026-08-12 17:24:09,296 - INFO - Enviando Adb2c_2026-08-12.parquet ao Blob Storage.
2026-08-12 17:24:17,346 - INFO - Arquivo Adb2c_2026-08-12.parquet enviado com sucesso ao Azure Blob Storage.
2026-08-12 17:24:17,349 - INFO - Tratando os dados do Parquet e carregando a SAT_PESSOA_ADB2C.
2026-08-12 17:24:17,831 - INFO - Horário do JWT alinhado ao servidor Snowflake; ajuste aplicado: -48.59 segundos.
2026-08-12 17:24:17,831 - INFO - Tentativa 1 de 3 para conectar ao Snowflake com um novo JWT.
2026-08-12 17:24:32,867 - INFO - Conexão com o Snowflake validada com sucesso.
2026-08-12 17:24:32,869 - INFO - Lendo o Parquet mais recente: C:\dev\ADB2C\data\Adb2c_2026-08-12.parquet.
2026-08-12 17:24:34,917 - INFO - Leitura concluída com 234946 registros.
2026-08-12 17:24:35,926 - INFO - Consultando BK_PESSOA de 234077 CPFs na DW_PRD_FLAMENGO.DV_MKT.HUB_PESSOA.
2026-08-12 17:25:09,856 - INFO - Encontrados 233948 BKs existentes na HUB_PESSOA.
2026-08-12 17:25:09,868 - INFO - Carregando dimensões de país, estado e cidade.
2026-08-12 17:25:11,687 - INFO - Dimensões de país, estado e cidade carregadas com sucesso.
2026-08-12 17:25:11,687 - INFO - Iniciando tratamento de 234946 registros.
2026-08-12 17:25:12,016 - INFO - Contas LocalAccount: 234929 de 234946.
2026-08-12 17:25:15,695 - INFO - Descartando 137 registros sem CPF antes da carga.
2026-08-12 17:46:51,151 - INFO - Validando contrato dos dados refinados.
2026-08-12 17:46:55,255 - INFO - Reutilizando 234663 BKs existentes, gerando 129 novos e mantendo 0 sem BK por falta de CPF.
2026-08-12 17:46:55,260 - INFO - Gerando CONTENT_HASH com 16 atributos de negócio.
2026-08-12 17:47:06,839 - INFO - Removendo 715 registros repetidos por BK_PESSOA na carga atual.
2026-08-12 17:47:59,659 - INFO - SCD2: 129 novos, 233948 alterados e 0 sem alteração.
2026-08-12 17:52:12,185 - INFO - Inserindo 234077 novas versões na SAT_PESSOA_ADB2C.
2026-08-12 18:02:44,487 - INFO - Histórico SCD2 aplicado com sucesso em DW_PRD_FLAMENGO.DV_MKT.SAT_PESSOA_ADB2C.
2026-08-12 18:02:45,094 - INFO - Conexão com o Snowflake encerrada e recursos liberados.
2026-08-12 18:02:45,323 - INFO - Pipeline ADB2C executado com sucesso.
2026-08-12 18:02:45,323 - INFO - Fim do processo. Tempo de execução: 54.11 minutos.
